// Jest Snapshot v1, https://goo.gl/fbAQLP

exports[`TestDesigner renders snapshot 1`] = `undefined`;
