// Jest Snapshot v1, https://goo.gl/fbAQLP

exports[`CollectionTypeSelector renders snapshot 1`] = `
<span
  style={
    Object {
      "hyphens": "initial",
    }
  }
>
  My Workspace X
</span>
`;
