// Jest Snapshot v1, https://goo.gl/fbAQLP

exports[`CollectionCreator renders snapshot 1`] = `
<styled.div>
  <form
    className="form"
    onSubmit={[Function]}
  >
    <BctTextField
      autoFocus={true}
      data-cy="CollectionCreatorTextField"
      onChange={[Function]}
      onKeyDown={[Function]}
      placeholder="Collection name"
      value=""
    />
    <FormButton
      color="#120f0e"
      data-cy="CollectionCreatorFormButton"
      disabled={false}
      fontFamily="'Gotham', sans-serif"
      fontSize={1}
      fontWeight={500}
      transparent={false}
      width={125}
    >
      Create
    </FormButton>
  </form>
</styled.div>
`;
