// Jest Snapshot v1, https://goo.gl/fbAQLP

exports[`CommentThumbnail renders snapshot 1`] = `undefined`;
